<html>
<body>
<pre>
<h1>礦ision Build Log</h1>
<h2>Tool Versions:</h2>
IDE-Version: μVision V5.26.2.0
Copyright (C) 2018 ARM Ltd and ARM Germany GmbH. All rights reserved.
License Information: 11 1, 1, LIC=FYKHL-0X5TU-GIA5Q-NBWKA-YLS2A-TKCDV
 
Tool Versions:
Toolchain:       MDK-ARM Plus  Version: 5.26.2.0
Toolchain Path:  D:\Keil_v5\ARM\ARMCC\Bin
C Compiler:      Armcc.exe V5.06 update 6 (build 750)
Assembler:       Armasm.exe V5.06 update 6 (build 750)
Linker/Locator:  ArmLink.exe V5.06 update 6 (build 750)
Library Manager: ArmAr.exe V5.06 update 6 (build 750)
Hex Converter:   FromElf.exe V5.06 update 6 (build 750)
CPU DLL:         SARMCM3.DLL V5.26.2.0
Dialog DLL:      DCM.DLL V1.17.2.0
Target DLL:      STLink\ST-LINKIII-KEIL_SWO.dll V3.0.5.0
Dialog DLL:      TCM.DLL V1.36.1.0
 
<h2>Project:</h2>
E:\STM32-WorkSpace\毕业设计\网关\MDK-ARM\123.uvprojx
Project File Date:  03/14/2019

<h2>Output:</h2>
*** Using Compiler 'V5.06 update 6 (build 750)', folder: 'D:\Keil_v5\ARM\ARMCC\Bin'
Build target '123'
compiling cJSON.c...
..\Src\cJSON.c(55): warning:  #1293-D: assignment in condition
        if (!(copy = (char*)cJSON_malloc(len))) return 0;
..\Src\cJSON.c(220): warning:  #1293-D: assignment in condition
  	ptr=str;while ((token=*ptr) && ++len) {if (strchr("\"\\\b\f\n\r\t",token)) len++; else if (token<32) len+=5;ptr++;}
..\Src\cJSON.c(337): warning:  #1293-D: assignment in condition
  		if (!(new_item=cJSON_New_Item())) return 0; 	/* memory fail */
..\Src\cJSON.c(427): warning:  #1293-D: assignment in condition
  		if (!(new_item=cJSON_New_Item()))	return 0; /* memory fail */
..\Src\cJSON.c: 4 warnings, 0 errors
compiling stm32f1xx_hal_msp.c...
compiling EdpKit.c...
..\Src\EdpKit.c(633): warning:  #174-D: expression has no effect
      remainlen;
..\Src\EdpKit.c(688): warning:  #177-D: variable "valuestring"  was declared but never referenced
  MKFUN_UNPACK_SAVE_DATA_TYPE1(int, Int, Number)
..\Src\EdpKit.c(690): warning:  #177-D: variable "valuestring"  was declared but never referenced
  MKFUN_UNPACK_SAVE_DATA_TYPE1(double, Double, Number)
..\Src\EdpKit.c(695): warning:  #177-D: variable "valuestring"  was declared but never referenced
  MKFUN_UNPACK_SAVE_DATA_TYPE2(int, Int, Number)
..\Src\EdpKit.c(697): warning:  #177-D: variable "valuestring"  was declared but never referenced
  MKFUN_UNPACK_SAVE_DATA_TYPE2(double, Double, Number)
..\Src\EdpKit.c(702): warning:  #177-D: variable "valuestring"  was declared but never referenced
  MKFUN_UNPACK_SAVE_DATA_TYPE3(int, Int, Number)
..\Src\EdpKit.c(704): warning:  #177-D: variable "valuestring"  was declared but never referenced
  MKFUN_UNPACK_SAVE_DATA_TYPE3(double, Double, Number)
..\Src\EdpKit.c(1127): warning:  #177-D: variable "tTime"  was declared but never referenced
  	time_t tTime = 0;
..\Src\EdpKit.c(1129): warning:  #177-D: variable "st"  was declared but never referenced
  	struct tm st = {0};
..\Src\EdpKit.c(1200): warning:  #177-D: variable "tTime"  was declared but never referenced
      time_t tTime = 0;
..\Src\EdpKit.c(1201): warning:  #177-D: variable "st"  was declared but never referenced
  	struct tm st = {0};
..\Src\EdpKit.c(1268): warning:  #177-D: variable "remain_len"  was declared but never referenced
      uint32 remain_len = 0;
..\Src\EdpKit.c(1373): warning:  #940-D: missing return statement at end of non-void function "UnpackUpdateResp" 
  }
..\Src\EdpKit.c(1349): warning:  #177-D: variable "cur_pos"  was declared but never referenced
      uint32 cur_pos = 0;
..\Src\EdpKit.c(1350): warning:  #177-D: variable "p"  was declared but never referenced
      const char* p = NULL;
..\Src\EdpKit.c: 15 warnings, 0 errors
compiling stm32f1xx_it.c...
compiling gpio.c...
compiling main.c...
compiling usart.c...
compiling tim.c...
compiling onenet.c...
compiling stm32f1xx_hal_gpio_ex.c...
compiling end.c...
compiling stm32f1xx_hal_uart.c...
compiling stm32f1xx_hal.c...
compiling stm32f1xx_hal_tim_ex.c...
compiling stm32f1xx_hal_tim.c...
compiling stm32f1xx_hal_rcc.c...
compiling stm32f1xx_hal_gpio.c...
compiling stm32f1xx_hal_rcc_ex.c...
compiling stm32f1xx_hal_pwr.c...
compiling stm32f1xx_hal_flash_ex.c...
compiling stm32f1xx_hal_cortex.c...
compiling stm32f1xx_hal_dma.c...
compiling stm32f1xx_hal_flash.c...
compiling system_stm32f1xx.c...
linking...
Program Size: Code=12904 RO-data=332 RW-data=44 ZI-data=1932  
FromELF: creating hex file...
"123\123.axf" - 0 Error(s), 19 Warning(s).

<h2>Software Packages used:</h2>

Package Vendor: ARM
                http://www.keil.com/pack/ARM.CMSIS.5.4.0.pack
                ARM.CMSIS.5.4.0
                CMSIS (Cortex Microcontroller Software Interface Standard)
   * Component: CORE Version: 5.1.2

Package Vendor: Keil
                http://www.keil.com/pack/Keil.STM32F1xx_DFP.2.3.0.pack
                Keil.STM32F1xx_DFP.2.3.0
                STMicroelectronics STM32F1 Series Device Support, Drivers and Examples

<h2>Collection of Component include folders:</h2>
  .\RTE\_123
  D:\Keil_v5\ARM\PACK\ARM\CMSIS\5.4.0\CMSIS\Core\Include
  D:\Keil_v5\ARM\PACK\Keil\STM32F1xx_DFP\2.3.0\Device\Include

<h2>Collection of Component Files used:</h2>

   * Component: ARM::CMSIS:CORE:5.1.2
Build Time Elapsed:  00:00:10
</pre>
</body>
</html>
